// Jest Snapshot v1, https://goo.gl/fbAQLP

exports[`Settings Should render Settings component 1`] = `
<DocumentFragment>
  <div
    class=""
  >
    <form
      class="w-half"
    >
      <div
        class="bp4-form-group"
      >
        <label
          class="bp4-label"
          for="first_name-input"
        >
          Ism 
          <span
            class="bp4-text-muted"
          >
            (majburiy)
          </span>
        </label>
        <div
          class="bp4-form-content"
        >
          <div
            class="bp4-input-group"
          >
            <input
              class="bp4-input"
              id="first_name-input"
              name="first_name"
              type="text"
              value=""
            />
          </div>
        </div>
      </div>
      <div
        class="bp4-form-group"
      >
        <label
          class="bp4-label"
          for="last_name-input"
        >
          Familiya 
          <span
            class="bp4-text-muted"
          >
            (majburiy)
          </span>
        </label>
        <div
          class="bp4-form-content"
        >
          <div
            class="bp4-input-group"
          >
            <input
              class="bp4-input"
              id="last_name-input"
              name="last_name"
              type="text"
              value=""
            />
          </div>
        </div>
      </div>
      <div
        class="bp4-form-group"
      >
        <label
          class="bp4-label"
          for="phone-input"
        >
          Telefon 
          <span
            class="bp4-text-muted"
          >
            (majburiy)
          </span>
        </label>
        <div
          class="bp4-form-content"
        >
          <div
            class="bp4-input-group"
          >
            <input
              class="bp4-input"
              id="phone-input"
              name="phone"
              type="number"
              value=""
            />
          </div>
        </div>
      </div>
      <div
        class="bp4-form-group"
      >
        <label
          class="bp4-label"
          for="mail-input"
        >
          E-mail 
          <span
            class="bp4-text-muted"
          >
            (majburiy)
          </span>
        </label>
        <div
          class="bp4-form-content"
        >
          <div
            class="bp4-input-group"
          >
            <input
              class="bp4-input"
              id="mail-input"
              name="mail"
              type="email"
              value=""
            />
          </div>
        </div>
      </div>
      <button
        class="bp4-button bp4-intent-primary"
        type="submit"
      >
        <span
          aria-hidden="true"
          class="bp4-icon bp4-icon-add"
          icon="add"
          tabindex="-1"
        >
          <svg
            data-icon="add"
            height="16"
            viewBox="0 0 16 16"
            width="16"
          >
            <path
              d="M10.99 6.99h-2v-2c0-.55-.45-1-1-1s-1 .45-1 1v2h-2c-.55 0-1 .45-1 1s.45 1 1 1h2v2c0 .55.45 1 1 1s1-.45 1-1v-2h2c.55 0 1-.45 1-1s-.45-1-1-1zm-3-7c-4.42 0-8 3.58-8 8s3.58 8 8 8 8-3.58 8-8-3.58-8-8-8zm0 14c-3.31 0-6-2.69-6-6s2.69-6 6-6 6 2.69 6 6-2.68 6-6 6z"
              fill-rule="evenodd"
            />
          </svg>
        </span>
        <span
          class="bp4-button-text"
        >
          Saqlash
        </span>
      </button>
    </form>
  </div>
</DocumentFragment>
`;
