// Jest Snapshot v1, https://goo.gl/fbAQLP

exports[`DomainAction Should render DomainAction component 1`] = `
<DocumentFragment>
  .c5 {
  display: -webkit-box;
  display: -webkit-flex;
  display: -ms-flexbox;
  display: flex;
  color: #000000;
  font-weight: 700;
  margin-top: 1.4rem;
}

.c1 {
  display: -webkit-box;
  display: -webkit-flex;
  display: -ms-flexbox;
  display: flex;
  width: 100%;
  -webkit-flex-wrap: wrap;
  -ms-flex-wrap: wrap;
  flex-wrap: wrap;
  -webkit-box-pack: initial;
  -webkit-justify-content: initial;
  -ms-flex-pack: initial;
  justify-content: initial;
  -webkit-align-items: center;
  -webkit-box-align: center;
  -ms-flex-align: center;
  align-items: center;
}

.c3 {
  display: -webkit-box;
  display: -webkit-flex;
  display: -ms-flexbox;
  display: flex;
  width: 100%;
  -webkit-flex-wrap: initial;
  -ms-flex-wrap: initial;
  flex-wrap: initial;
  -webkit-box-pack: initial;
  -webkit-justify-content: initial;
  -ms-flex-pack: initial;
  justify-content: initial;
  -webkit-align-items: initial;
  -webkit-box-align: initial;
  -ms-flex-align: initial;
  align-items: initial;
  gap: 20px;
}

.c2 {
  -webkit-flex-basis: calc(100% / 1);
  -ms-flex-preferred-size: calc(100% / 1);
  flex-basis: calc(100% / 1);
  max-width: calc(100% / 1);
}

.c4 {
  -webkit-flex-basis: calc(100% / 50);
  -ms-flex-preferred-size: calc(100% / 50);
  flex-basis: calc(100% / 50);
  max-width: calc(100% / 50);
}

.c6 {
  -webkit-flex-basis: calc(100% / 2.12);
  -ms-flex-preferred-size: calc(100% / 2.12);
  flex-basis: calc(100% / 2.12);
  max-width: calc(100% / 2.12);
}

.c0 {
  display: -webkit-box;
  display: -webkit-flex;
  display: -ms-flexbox;
  display: flex;
  width: 100%;
  height: 2rem;
}

.c7 {
  display: -webkit-box;
  display: -webkit-flex;
  display: -ms-flexbox;
  display: flex;
  width: 100%;
  height: 1rem;
}

<div
    class=""
  >
    <h1
      class="bp4-heading"
    >
      Yangi ma'lumot turi qo'shish
    </h1>
    <div
      class="c0"
      height="2rem"
    />
    <form
      class="w-half"
    >
      <div
        class="bp4-form-group"
      >
        <label
          class="bp4-label"
          for="name-input"
        >
          Nomi 
          <span
            class="bp4-text-muted"
          >
            (majburiy)
          </span>
        </label>
        <div
          class="bp4-form-content"
        >
          <div
            class="bp4-input-group"
          >
            <input
              class="bp4-input"
              id="name-input"
              name="name"
              type="text"
              value=""
            />
          </div>
        </div>
      </div>
      <div
        class="bp4-form-group"
      >
        <label
          class="bp4-label"
          for="slug-input"
        >
          Slag 
          <span
            class="bp4-text-muted"
          >
            (majburiy)
          </span>
        </label>
        <div
          class="bp4-form-content"
        >
          <div
            class="bp4-input-group"
          >
            <input
              class="bp4-input"
              id="slug-input"
              name="slug"
              type="text"
              value=""
            />
          </div>
        </div>
      </div>
      <div
        class="bp4-form-group"
      >
        <label
          class="bp4-label"
          for="roles-input"
        >
          Rollar 
          <span
            class="bp4-text-muted"
          />
        </label>
        <div
          class="bp4-form-content"
        >
          <div
            class="bp4-popover-wrapper bp4-fill"
          >
            <div
              aria-haspopup="true"
              class="bp4-popover-target"
            >
              <div
                class=""
              >
                <div
                  class="bp4-input bp4-tag-input bp4-fill bp4-multi-select"
                >
                  <div
                    class="bp4-tag-input-values"
                  >
                    <input
                      class="bp4-input-ghost bp4-multi-select-tag-input-input"
                      placeholder="Search..."
                      value=""
                    />
                  </div>
                </div>
              </div>
            </div>
          </div>
        </div>
      </div>
      <div
        class="bp4-card bp4-elevation-0"
      >
        <div
          class="c1"
          wrap="wrap"
        >
          <div
            class="c2"
          >
            <h3
              class="bp4-heading bp4-heading"
            >
              Domain fields
            </h3>
          </div>
          <div
            class="c3"
            wrap="initial"
          >
            <div
              class="c4"
            >
              <div
                class="c5"
              >
                â„–
              </div>
            </div>
            <div
              class="c6"
            >
              <div
                class="bp4-form-group"
              >
                <label
                  class="bp4-label"
                  for="fields.0.name-input"
                >
                  Fieldni nomi 
                  <span
                    class="bp4-text-muted"
                  >
                    (majburiy)
                  </span>
                </label>
                <div
                  class="bp4-form-content"
                >
                  <div
                    class="bp4-input-group"
                  >
                    <input
                      class="bp4-input"
                      id="fields.0.name-input"
                      name="fields.0.name"
                      type="text"
                      value=""
                    />
                  </div>
                </div>
              </div>
            </div>
            <div
              class="c6"
            >
              <div
                class="bp4-form-group"
              >
                <label
                  class="bp4-label"
                  for="fields.0.slug-input"
                >
                  Fieldni slagi 
                  <span
                    class="bp4-text-muted"
                  >
                    (majburiy)
                  </span>
                </label>
                <div
                  class="bp4-form-content"
                >
                  <div
                    class="bp4-input-group"
                  >
                    <input
                      class="bp4-input"
                      id="fields.0.slug-input"
                      name="fields.0.slug"
                      type="text"
                      value=""
                    />
                  </div>
                </div>
              </div>
            </div>
          </div>
          <div
            class="c2"
          >
            <button
              class="bp4-button bp4-intent-primary"
              type="button"
            >
              <span
                aria-hidden="true"
                class="bp4-icon bp4-icon-add"
                icon="add"
                tabindex="-1"
              >
                <svg
                  data-icon="add"
                  height="16"
                  viewBox="0 0 16 16"
                  width="16"
                >
                  <path
                    d="M10.99 6.99h-2v-2c0-.55-.45-1-1-1s-1 .45-1 1v2h-2c-.55 0-1 .45-1 1s.45 1 1 1h2v2c0 .55.45 1 1 1s1-.45 1-1v-2h2c.55 0 1-.45 1-1s-.45-1-1-1zm-3-7c-4.42 0-8 3.58-8 8s3.58 8 8 8 8-3.58 8-8-3.58-8-8-8zm0 14c-3.31 0-6-2.69-6-6s2.69-6 6-6 6 2.69 6 6-2.68 6-6 6z"
                    fill-rule="evenodd"
                  />
                </svg>
              </span>
              <span
                class="bp4-button-text"
              >
                Qo'shish
              </span>
            </button>
          </div>
        </div>
      </div>
      <div
        class="c7"
        height="1rem"
      />
      <button
        class="bp4-button bp4-intent-success"
        type="submit"
      >
        <span
          aria-hidden="true"
          class="bp4-icon bp4-icon-cloud-upload"
          icon="cloud-upload"
          tabindex="-1"
        >
          <svg
            data-icon="cloud-upload"
            height="16"
            viewBox="0 0 16 16"
            width="16"
          >
            <path
              d="M8.71 7.29C8.53 7.11 8.28 7 8 7s-.53.11-.71.29l-3 3a1.003 1.003 0 001.42 1.42L7 10.41V15c0 .55.45 1 1 1s1-.45 1-1v-4.59l1.29 1.29c.18.19.43.3.71.3a1.003 1.003 0 00.71-1.71l-3-3zM12 4c-.03 0-.07 0-.1.01A5 5 0 002 5c0 .11.01.22.02.33a3.495 3.495 0 00.07 6.37c-.05-.23-.09-.46-.09-.7 0-.83.34-1.58.88-2.12l3-3a2.993 2.993 0 014.24 0l3 3c.54.54.88 1.29.88 2.12 0 .16-.02.32-.05.47C15.17 10.78 16 9.5 16 8c0-2.21-1.79-4-4-4z"
              fill-rule="evenodd"
            />
          </svg>
        </span>
        <span
          class="bp4-button-text"
        >
          Saqlash
        </span>
      </button>
    </form>
  </div>
</DocumentFragment>
`;
