// Jest Snapshot v1, https://goo.gl/fbAQLP

exports[`Roles Should render Roles component 1`] = `
<DocumentFragment>
  .c0 {
  display: -webkit-box;
  display: -webkit-flex;
  display: -ms-flexbox;
  display: flex;
  width: 100%;
  height: 20px;
}

<div
    class=""
  >
    <button
      class="bp4-button bp4-intent-primary"
      type="button"
    >
      <span
        aria-hidden="true"
        class="bp4-icon bp4-icon-add"
        icon="add"
        tabindex="-1"
      >
        <svg
          data-icon="add"
          height="16"
          viewBox="0 0 16 16"
          width="16"
        >
          <path
            d="M10.99 6.99h-2v-2c0-.55-.45-1-1-1s-1 .45-1 1v2h-2c-.55 0-1 .45-1 1s.45 1 1 1h2v2c0 .55.45 1 1 1s1-.45 1-1v-2h2c.55 0 1-.45 1-1s-.45-1-1-1zm-3-7c-4.42 0-8 3.58-8 8s3.58 8 8 8 8-3.58 8-8-3.58-8-8-8zm0 14c-3.31 0-6-2.69-6-6s2.69-6 6-6 6 2.69 6 6-2.68 6-6 6z"
            fill-rule="evenodd"
          />
        </svg>
      </span>
      <span
        class="bp4-button-text"
      >
        Qo'shish
      </span>
    </button>
    <div
      class="c0"
      height="20px"
    />
    <h3
      class="bp4-heading"
    >
      Rollar
    </h3>
    <div
      class=""
    >
      <div
        class="bp4-table-container bp4-table-no-rows"
        tabindex="0"
      >
        <div
          class="bp4-table-quadrant-stack"
        >
          <div
            class="bp4-table-quadrant bp4-table-quadrant-main"
          >
            <div
              class="bp4-table-quadrant-scroll-container"
            >
              <div
                class="bp4-table-top-container"
              >
                <div
                  class="bp4-table-menu"
                  style="width: 30px; height: 30px;"
                />
                <div
                  class="bp4-table-column-headers"
                >
                  <div
                    style="width: 410px;"
                  >
                    <div
                      class="bp4-table-thead bp4-table-column-header-tr"
                      style="transform: translateX(0px); width: 410px;"
                    >
                      <div
                        class="bp4-table-header bp4-table-cell-col-0 bp4-table-column-header-cell"
                        style="flex-basis: 55px; min-width: 0px; width: 55px;"
                      >
                        <div
                          class="bp4-table-column-name"
                          title="ID"
                        >
                          <div
                            class="bp4-table-th-menu-container bp-table-text-no-measure"
                          >
                            <div
                              class="bp4-table-th-menu-container-background"
                            />
                            <span
                              class="bp4-popover-wrapper bp4-table-th-menu"
                            >
                              <span
                                aria-haspopup="true"
                                class="bp4-popover-target"
                              >
                                <span
                                  aria-hidden="true"
                                  class="bp4-icon bp4-icon-chevron-down"
                                  icon="chevron-down"
                                >
                                  <svg
                                    data-icon="chevron-down"
                                    height="16"
                                    viewBox="0 0 16 16"
                                    width="16"
                                  >
                                    <path
                                      d="M12 5c-.28 0-.53.11-.71.29L8 8.59l-3.29-3.3a1.003 1.003 0 00-1.42 1.42l4 4c.18.18.43.29.71.29s.53-.11.71-.29l4-4A1.003 1.003 0 0012 5z"
                                      fill-rule="evenodd"
                                    />
                                  </svg>
                                </span>
                              </span>
                            </span>
                          </div>
                          <div
                            class="bp4-table-column-name-text"
                          >
                            <div
                              class="bp4-table-truncated-text"
                            >
                              ID
                            </div>
                          </div>
                        </div>
                        <div
                          class="bp4-table-header-content"
                        />
                        <div
                          class="bp4-table-resize-handle-target bp4-table-resize-vertical"
                        >
                          <div
                            class="bp4-table-resize-handle"
                          />
                        </div>
                      </div>
                      <div
                        class="bp4-table-header bp4-table-cell-col-1 bp4-table-column-header-cell"
                        style="flex-basis: 150px; min-width: 0px; width: 150px;"
                      >
                        <div
                          class="bp4-table-column-name"
                          title="Nomi"
                        >
                          <div
                            class="bp4-table-th-menu-container bp-table-text-no-measure"
                          >
                            <div
                              class="bp4-table-th-menu-container-background"
                            />
                            <span
                              class="bp4-popover-wrapper bp4-table-th-menu"
                            >
                              <span
                                aria-haspopup="true"
                                class="bp4-popover-target"
                              >
                                <span
                                  aria-hidden="true"
                                  class="bp4-icon bp4-icon-chevron-down"
                                  icon="chevron-down"
                                >
                                  <svg
                                    data-icon="chevron-down"
                                    height="16"
                                    viewBox="0 0 16 16"
                                    width="16"
                                  >
                                    <path
                                      d="M12 5c-.28 0-.53.11-.71.29L8 8.59l-3.29-3.3a1.003 1.003 0 00-1.42 1.42l4 4c.18.18.43.29.71.29s.53-.11.71-.29l4-4A1.003 1.003 0 0012 5z"
                                      fill-rule="evenodd"
                                    />
                                  </svg>
                                </span>
                              </span>
                            </span>
                          </div>
                          <div
                            class="bp4-table-column-name-text"
                          >
                            <div
                              class="bp4-table-truncated-text"
                            >
                              Nomi
                            </div>
                          </div>
                        </div>
                        <div
                          class="bp4-table-header-content"
                        />
                        <div
                          class="bp4-table-resize-handle-target bp4-table-resize-vertical"
                        >
                          <div
                            class="bp4-table-resize-handle"
                          />
                        </div>
                      </div>
                      <div
                        class="bp4-table-header bp4-table-cell-col-2 bp4-table-column-header-cell"
                        style="flex-basis: 150px; min-width: 0px; width: 150px;"
                      >
                        <div
                          class="bp4-table-column-name"
                          title="Slag"
                        >
                          <div
                            class="bp4-table-th-menu-container bp-table-text-no-measure"
                          >
                            <div
                              class="bp4-table-th-menu-container-background"
                            />
                            <span
                              class="bp4-popover-wrapper bp4-table-th-menu"
                            >
                              <span
                                aria-haspopup="true"
                                class="bp4-popover-target"
                              >
                                <span
                                  aria-hidden="true"
                                  class="bp4-icon bp4-icon-chevron-down"
                                  icon="chevron-down"
                                >
                                  <svg
                                    data-icon="chevron-down"
                                    height="16"
                                    viewBox="0 0 16 16"
                                    width="16"
                                  >
                                    <path
                                      d="M12 5c-.28 0-.53.11-.71.29L8 8.59l-3.29-3.3a1.003 1.003 0 00-1.42 1.42l4 4c.18.18.43.29.71.29s.53-.11.71-.29l4-4A1.003 1.003 0 0012 5z"
                                      fill-rule="evenodd"
                                    />
                                  </svg>
                                </span>
                              </span>
                            </span>
                          </div>
                          <div
                            class="bp4-table-column-name-text"
                          >
                            <div
                              class="bp4-table-truncated-text"
                            >
                              Slag
                            </div>
                          </div>
                        </div>
                        <div
                          class="bp4-table-header-content"
                        />
                        <div
                          class="bp4-table-resize-handle-target bp4-table-resize-vertical"
                        >
                          <div
                            class="bp4-table-resize-handle"
                          />
                        </div>
                      </div>
                      <div
                        class="bp4-table-header bp4-table-last-in-row bp4-table-cell-col-3 bp4-table-column-header-cell"
                        style="flex-basis: 55px; min-width: 0px; width: 55px;"
                      >
                        <div
                          class="bp4-table-column-name"
                          title=""
                        >
                          <div
                            class="bp4-table-column-name-text"
                          >
                            <div
                              class="bp4-table-truncated-text"
                            />
                          </div>
                        </div>
                        <div
                          class="bp4-table-header-content"
                        />
                        <div
                          class="bp4-table-resize-handle-target bp4-table-resize-vertical"
                        >
                          <div
                            class="bp4-table-resize-handle"
                          />
                        </div>
                      </div>
                    </div>
                  </div>
                </div>
              </div>
              <div
                class="bp4-table-bottom-container"
                style="height: 0px; width: 410px;"
              >
                <div
                  class="bp4-table-row-headers"
                  style="width: 30px;"
                >
                  <div
                    style="height: 0px;"
                  >
                    <div
                      class="bp4-table-row-headers-cells-container"
                      style="height: 0px; transform: translateY(0px);"
                    />
                  </div>
                </div>
                <div
                  class="bp4-table-quadrant-body-container"
                >
                  <div>
                    <div
                      class="bp4-table-body-virtual-client bp4-table-cell-client"
                      style="height: 0px; width: 410px;"
                    >
                      <div
                        class="bp4-table-body-cells"
                      />
                    </div>
                  </div>
                </div>
              </div>
            </div>
          </div>
          <div
            class="bp4-table-quadrant bp4-table-quadrant-top"
            style="height: 31px; right: 0px;"
          >
            <div
              class="bp4-table-quadrant-scroll-container"
            >
              <div
                class="bp4-table-top-container"
              >
                <div
                  class="bp4-table-menu"
                  style="width: 30px; height: 30px;"
                />
                <div
                  class="bp4-table-column-headers"
                >
                  <div
                    style="width: 410px;"
                  >
                    <div
                      class="bp4-table-thead bp4-table-column-header-tr"
                      style="transform: translateX(0px); width: 410px;"
                    >
                      <div
                        class="bp4-table-header bp4-table-cell-col-0 bp4-table-column-header-cell"
                        style="flex-basis: 55px; min-width: 0px; width: 55px;"
                      >
                        <div
                          class="bp4-table-column-name"
                          title="ID"
                        >
                          <div
                            class="bp4-table-th-menu-container bp-table-text-no-measure"
                          >
                            <div
                              class="bp4-table-th-menu-container-background"
                            />
                            <span
                              class="bp4-popover-wrapper bp4-table-th-menu"
                            >
                              <span
                                aria-haspopup="true"
                                class="bp4-popover-target"
                              >
                                <span
                                  aria-hidden="true"
                                  class="bp4-icon bp4-icon-chevron-down"
                                  icon="chevron-down"
                                >
                                  <svg
                                    data-icon="chevron-down"
                                    height="16"
                                    viewBox="0 0 16 16"
                                    width="16"
                                  >
                                    <path
                                      d="M12 5c-.28 0-.53.11-.71.29L8 8.59l-3.29-3.3a1.003 1.003 0 00-1.42 1.42l4 4c.18.18.43.29.71.29s.53-.11.71-.29l4-4A1.003 1.003 0 0012 5z"
                                      fill-rule="evenodd"
                                    />
                                  </svg>
                                </span>
                              </span>
                            </span>
                          </div>
                          <div
                            class="bp4-table-column-name-text"
                          >
                            <div
                              class="bp4-table-truncated-text"
                            >
                              ID
                            </div>
                          </div>
                        </div>
                        <div
                          class="bp4-table-header-content"
                        />
                        <div
                          class="bp4-table-resize-handle-target bp4-table-resize-vertical"
                        >
                          <div
                            class="bp4-table-resize-handle"
                          />
                        </div>
                      </div>
                      <div
                        class="bp4-table-header bp4-table-cell-col-1 bp4-table-column-header-cell"
                        style="flex-basis: 150px; min-width: 0px; width: 150px;"
                      >
                        <div
                          class="bp4-table-column-name"
                          title="Nomi"
                        >
                          <div
                            class="bp4-table-th-menu-container bp-table-text-no-measure"
                          >
                            <div
                              class="bp4-table-th-menu-container-background"
                            />
                            <span
                              class="bp4-popover-wrapper bp4-table-th-menu"
                            >
                              <span
                                aria-haspopup="true"
                                class="bp4-popover-target"
                              >
                                <span
                                  aria-hidden="true"
                                  class="bp4-icon bp4-icon-chevron-down"
                                  icon="chevron-down"
                                >
                                  <svg
                                    data-icon="chevron-down"
                                    height="16"
                                    viewBox="0 0 16 16"
                                    width="16"
                                  >
                                    <path
                                      d="M12 5c-.28 0-.53.11-.71.29L8 8.59l-3.29-3.3a1.003 1.003 0 00-1.42 1.42l4 4c.18.18.43.29.71.29s.53-.11.71-.29l4-4A1.003 1.003 0 0012 5z"
                                      fill-rule="evenodd"
                                    />
                                  </svg>
                                </span>
                              </span>
                            </span>
                          </div>
                          <div
                            class="bp4-table-column-name-text"
                          >
                            <div
                              class="bp4-table-truncated-text"
                            >
                              Nomi
                            </div>
                          </div>
                        </div>
                        <div
                          class="bp4-table-header-content"
                        />
                        <div
                          class="bp4-table-resize-handle-target bp4-table-resize-vertical"
                        >
                          <div
                            class="bp4-table-resize-handle"
                          />
                        </div>
                      </div>
                      <div
                        class="bp4-table-header bp4-table-cell-col-2 bp4-table-column-header-cell"
                        style="flex-basis: 150px; min-width: 0px; width: 150px;"
                      >
                        <div
                          class="bp4-table-column-name"
                          title="Slag"
                        >
                          <div
                            class="bp4-table-th-menu-container bp-table-text-no-measure"
                          >
                            <div
                              class="bp4-table-th-menu-container-background"
                            />
                            <span
                              class="bp4-popover-wrapper bp4-table-th-menu"
                            >
                              <span
                                aria-haspopup="true"
                                class="bp4-popover-target"
                              >
                                <span
                                  aria-hidden="true"
                                  class="bp4-icon bp4-icon-chevron-down"
                                  icon="chevron-down"
                                >
                                  <svg
                                    data-icon="chevron-down"
                                    height="16"
                                    viewBox="0 0 16 16"
                                    width="16"
                                  >
                                    <path
                                      d="M12 5c-.28 0-.53.11-.71.29L8 8.59l-3.29-3.3a1.003 1.003 0 00-1.42 1.42l4 4c.18.18.43.29.71.29s.53-.11.71-.29l4-4A1.003 1.003 0 0012 5z"
                                      fill-rule="evenodd"
                                    />
                                  </svg>
                                </span>
                              </span>
                            </span>
                          </div>
                          <div
                            class="bp4-table-column-name-text"
                          >
                            <div
                              class="bp4-table-truncated-text"
                            >
                              Slag
                            </div>
                          </div>
                        </div>
                        <div
                          class="bp4-table-header-content"
                        />
                        <div
                          class="bp4-table-resize-handle-target bp4-table-resize-vertical"
                        >
                          <div
                            class="bp4-table-resize-handle"
                          />
                        </div>
                      </div>
                      <div
                        class="bp4-table-header bp4-table-last-in-row bp4-table-cell-col-3 bp4-table-column-header-cell"
                        style="flex-basis: 55px; min-width: 0px; width: 55px;"
                      >
                        <div
                          class="bp4-table-column-name"
                          title=""
                        >
                          <div
                            class="bp4-table-column-name-text"
                          >
                            <div
                              class="bp4-table-truncated-text"
                            />
                          </div>
                        </div>
                        <div
                          class="bp4-table-header-content"
                        />
                        <div
                          class="bp4-table-resize-handle-target bp4-table-resize-vertical"
                        >
                          <div
                            class="bp4-table-resize-handle"
                          />
                        </div>
                      </div>
                    </div>
                  </div>
                </div>
              </div>
              <div
                class="bp4-table-bottom-container"
                style="height: 0px; width: 410px;"
              >
                <div
                  class="bp4-table-row-headers"
                  style="width: 30px;"
                >
                  <div
                    style="height: 0px;"
                  >
                    <div
                      class="bp4-table-row-headers-cells-container"
                      style="height: 0px; transform: translateY(0px);"
                    />
                  </div>
                </div>
                <div
                  class="bp4-table-quadrant-body-container"
                >
                  <div>
                    <div
                      class="bp4-table-body-virtual-client bp4-table-cell-client"
                      style="height: -20px; width: 410px;"
                    >
                      <div
                        class="bp4-table-body-cells"
                      />
                    </div>
                  </div>
                </div>
              </div>
            </div>
          </div>
          <div
            class="bp4-table-quadrant bp4-table-quadrant-left"
            style="width: 31px; bottom: 0px;"
          >
            <div
              class="bp4-table-quadrant-scroll-container"
            >
              <div
                class="bp4-table-top-container"
              >
                <div
                  class="bp4-table-menu"
                  style="width: 30px; height: 30px;"
                />
                <div
                  class="bp4-table-column-headers"
                >
                  <div
                    style="width: 410px;"
                  >
                    <div
                      class="bp4-table-thead bp4-table-column-header-tr"
                      style="transform: translateX(0px); width: 410px;"
                    />
                  </div>
                </div>
              </div>
              <div
                class="bp4-table-bottom-container"
                style="height: 0px; width: 410px;"
              >
                <div
                  class="bp4-table-row-headers"
                  style="width: 30px;"
                >
                  <div
                    style="height: 0px;"
                  >
                    <div
                      class="bp4-table-row-headers-cells-container"
                      style="height: 0px; transform: translateY(0px);"
                    />
                  </div>
                </div>
                <div
                  class="bp4-table-quadrant-body-container"
                >
                  <div>
                    <div
                      class="bp4-table-body-virtual-client bp4-table-cell-client"
                      style="height: 0px;"
                    >
                      <div
                        class="bp4-table-body-cells"
                      />
                    </div>
                  </div>
                </div>
              </div>
            </div>
          </div>
          <div
            class="bp4-table-quadrant bp4-table-quadrant-top-left"
            style="width: 31px; height: 31px;"
          >
            <div
              class="bp4-table-quadrant-scroll-container"
            >
              <div
                class="bp4-table-top-container"
              >
                <div
                  class="bp4-table-menu"
                  style="width: 30px; height: 30px;"
                />
                <div
                  class="bp4-table-column-headers"
                >
                  <div
                    style="width: 410px;"
                  >
                    <div
                      class="bp4-table-thead bp4-table-column-header-tr"
                      style="transform: translateX(0px); width: 410px;"
                    />
                  </div>
                </div>
              </div>
              <div
                class="bp4-table-bottom-container"
                style="height: 0px; width: 410px;"
              >
                <div
                  class="bp4-table-row-headers"
                  style="width: 30px;"
                >
                  <div
                    style="height: 0px;"
                  >
                    <div
                      class="bp4-table-row-headers-cells-container"
                      style="height: 0px; transform: translateY(0px);"
                    />
                  </div>
                </div>
                <div
                  class="bp4-table-quadrant-body-container"
                >
                  <div>
                    <div
                      class="bp4-table-body-virtual-client bp4-table-cell-client"
                      style="height: -20px;"
                    >
                      <div
                        class="bp4-table-body-cells"
                      />
                    </div>
                  </div>
                </div>
              </div>
            </div>
          </div>
        </div>
        <div
          class="bp4-table-overlay-layer bp4-table-reordering-cursor-overlay"
        />
        <div
          class="bp4-table-resize-guides bp4-table-overlay-layer"
        />
        <div
          class="bp4-table-resize-sensor"
          style="position: absolute; left: 0px; top: 0px; right: 0px; bottom: 0px; overflow: hidden; z-index: -1; visibility: hidden;"
        >
          <div
            class="bp4-table-resize-sensor-expand"
            style="position: absolute; left: 0; top: 0; right: 0; bottom: 0; overflow: hidden; z-index: -1; visibility: hidden;"
          >
            <div
              style="position: absolute; left: 0px; top: 0px; transition: 0s; width: 100000px; height: 100000px;"
            />
          </div>
          <div
            class="bp4-table-resize-sensor-shrink"
            style="position: absolute; left: 0; top: 0; right: 0; bottom: 0; overflow: hidden; z-index: -1; visibility: hidden;"
          >
            <div
              style="position: absolute; left: 0; top: 0; transition: 0s; width: 200%; height: 200%;"
            />
          </div>
        </div>
      </div>
    </div>
  </div>
</DocumentFragment>
`;
