// Jest Snapshot v1, https://goo.gl/fbAQLP

exports[`Common Loading Should render Loading component 1`] = `
<DocumentFragment>
  .c0 {
  position: absolute;
  top: 0;
  left: 0;
  width: 100%;
  height: 100%;
  display: -webkit-box;
  display: -webkit-flex;
  display: -ms-flexbox;
  display: flex;
  -webkit-box-pack: center;
  -webkit-justify-content: center;
  -ms-flex-pack: center;
  justify-content: center;
  -webkit-align-items: center;
  -webkit-box-align: center;
  -ms-flex-align: center;
  align-items: center;
  background-color: rgba(0,0,0,0.3);
  z-index: 99999;
}

<div
    class="c0"
  >
    <div
      aria-valuemax="100"
      aria-valuemin="0"
      class="bp4-spinner bp4-intent-primary"
      role="progressbar"
      size="70"
    >
      <div
        class="bp4-spinner-animation"
      >
        <svg
          height="70"
          stroke-width="5.71"
          viewBox="2.14 2.14 95.71 95.71"
          width="70"
        >
          <path
            class="bp4-spinner-track"
            d="M 50,50 m 0,-45 a 45,45 0 1 1 0,90 a 45,45 0 1 1 0,-90"
          />
          <path
            class="bp4-spinner-head"
            d="M 50,50 m 0,-45 a 45,45 0 1 1 0,90 a 45,45 0 1 1 0,-90"
            pathLength="280"
            stroke-dasharray="280 280"
            stroke-dashoffset="210"
          />
        </svg>
      </div>
    </div>
  </div>
</DocumentFragment>
`;
